
> nextjs@0.1.0 build
> next build

   Creating an optimized production build...
node.exe : Browserslist: caniuse-lite is outdated. Please run:
At line:1 char:1
+ & "C:\Program Files\nodejs/node.exe" "C:\Program Files\nodejs/node_mo ...
+ ~~~~~~~~~~~~~~~~~~~~~~~~~~~~~~~~~~~~~~~~~~~~~~~~~~~~~~~~~~~~~~~~~~~~~
    + CategoryInfo          : NotSpecified: (Browserslist: c...ed. Please run: 
   :String) [], RemoteException
    + FullyQualifiedErrorId : NativeCommandError
 
  npx update-browserslist-db@latest
  Why you should do it regularly: 
https://github.com/browserslist/update-db#readme
 ΓÜá Compiled with warnings

./node_modules/@supabase/realtime-js/dist/main/RealtimeClient.js
Critical dependency: the request of a dependency is an expression

Import trace for requested module:
./node_modules/@supabase/realtime-js/dist/main/RealtimeClient.js
./node_modules/@supabase/realtime-js/dist/main/index.js
./node_modules/@supabase/supabase-js/dist/main/index.js
./lib/supabase-client.ts
./components/auth-provider.tsx
./app/page.tsx

   Skipping linting
   Checking validity of types...
   Collecting page data...
   Generating static pages (0/83)...

   Generating static pages (20/83)


   Generating static pages (41/83)


   Generating static pages (62/83)


 Γ£ô Generating static pages (83/83)
   Finalizing page optimization...

Route (app)                                Size     First Load JS
Γöî Γùï /                                      4.04 kB         124 kB
Γö£ Γùï /_not-found                            0 B                0 B
Γö£ Γùï /access-denied                         4.78 kB         133 kB
Γö£ ╬╗ /parent/academics                      165 B           297 kB
Γö£ ╬╗ /parent/assignments                    163 B           202 kB
Γö£ ╬╗ /parent/attendance                     160 B           289 kB
Γö£ ╬╗ /parent/change-password                167 B           208 kB
Γö£ Γùï /parent/dashboard                      9.48 kB         281 kB
Γö£ ╬╗ /parent/examinations                   155 B           182 kB
Γö£ ╬╗ /parent/fees                           2.79 kB         325 kB
Γö£ ╬╗ /parent/homework                       164 B           202 kB
Γö£ ╬╗ /parent/messages                       157 B           190 kB
Γö£ ╬╗ /parent/my-profile                     167 B           208 kB
Γö£ ╬╗ /parent/notifications                  163 B           201 kB
Γö£ ╬╗ /parent/settings                       157 B           148 kB
Γö£ ╬╗ /parent/transport                      155 B           181 kB
Γö£ Γùï /principal/academics                   9.53 kB         156 kB
Γö£ Γùï /principal/academics/lesson-plans      7.14 kB         147 kB
Γö£ Γùï /principal/academics/lesson-plans/new  5.22 kB         148 kB
Γö£ Γùï /principal/ai-analytics                10.5 kB         264 kB
Γö£ Γùï /principal/attendance                  5.55 kB         260 kB
Γö£ Γùï /principal/communication               7.08 kB         183 kB
Γö£ Γùï /principal/dashboard                   10.6 kB         345 kB
Γö£ Γùï /principal/examinations                10.1 kB         256 kB
Γö£ Γùï /principal/fees                        7.87 kB         258 kB
Γö£ Γùï /principal/hostel                      9.45 kB         156 kB
Γö£ Γùï /principal/hr-payroll                  8.88 kB         156 kB
Γö£ Γùï /principal/library                     8.52 kB         155 kB
Γö£ Γùï /principal/messages                    8.91 kB         149 kB
Γö£ Γùï /principal/messages/new                8.09 kB         179 kB
Γö£ Γùï /principal/notifications               7.42 kB         147 kB
Γö£ Γùï /principal/parents                     6.34 kB         153 kB
Γö£ Γùï /principal/reports                     10.1 kB         181 kB
Γö£ Γùï /principal/settings                    10.7 kB         153 kB
Γö£ Γùï /principal/students                    10.8 kB         186 kB
Γö£ ╬╗ /principal/students/[id]               13.5 kB         259 kB
Γö£ Γùï /principal/teachers                    7.57 kB         171 kB
Γö£ Γùï /principal/transport                   9.14 kB         156 kB
Γö£ Γùï /reception/admissions                  13.2 kB         169 kB
Γö£ Γùï /reception/appointments                11.9 kB         168 kB
Γö£ Γùï /reception/dashboard                   15 kB           311 kB
Γö£ Γùï /reception/fee-collection              10.5 kB         285 kB
Γö£ Γùï /reception/parents                     8.59 kB         167 kB
Γö£ Γùï /reception/settings                    5.58 kB         148 kB
Γö£ Γùï /reception/students                    11.4 kB         167 kB
Γö£ Γùï /reception/visitors                    11.6 kB         167 kB
Γö£ Γùï /sign-in                               32.9 kB         210 kB
Γö£ Γùï /student/assignments                   163 B           202 kB
Γö£ Γùï /student/dashboard                     5.36 kB         286 kB
Γö£ Γùï /student/downloads                     4.93 kB         190 kB
Γö£ Γùï /student/homework                      163 B           202 kB
Γö£ Γùï /student/my-profile                    167 B           208 kB
Γö£ Γùï /student/settings                      156 B           148 kB
Γö£ Γùï /student/student-announcements         163 B           201 kB
Γö£ Γùï /student/student-attendance            160 B           289 kB
Γö£ Γùï /student/student-exams                 155 B           182 kB
Γö£ Γùï /student/student-fees                  2.79 kB         325 kB
Γö£ Γùï /student/student-library               4.29 kB         189 kB
Γö£ Γùï /student/student-marks                 166 B           297 kB
Γö£ Γùï /student/student-messages              156 B           190 kB
Γö£ Γùï /student/student-transport             155 B           181 kB
Γö£ Γùï /student/timetable                     2.5 kB          179 kB
Γö£ ╬╗ /teacher/announcements                 161 B           159 kB
Γö£ Γùï /teacher/assignments                   8.67 kB         158 kB
Γö£ ╬╗ /teacher/attendance                    155 B           146 kB
Γö£ Γùï /teacher/dashboard                     7.71 kB         284 kB
Γö£ Γùï /teacher/homework                      160 B           160 kB
Γö£ Γùï /teacher/leave-requests                5.98 kB         158 kB
Γö£ ╬╗ /teacher/lesson-plans                  160 B           160 kB
Γö£ ╬╗ /teacher/marks-entry                   155 B           146 kB
Γö£ Γùï /teacher/marks-grades                  154 B           146 kB
Γö£ ╬╗ /teacher/messages                      154 B           145 kB
Γö£ Γùï /teacher/my-classes                    8.07 kB         150 kB
Γö£ ╬╗ /teacher/profile                       166 B           205 kB
Γö£ Γùï /teacher/reports                       4.5 kB          260 kB
Γö£ Γùï /teacher/settings                      2.91 kB         148 kB
Γö£ Γùï /teacher/student-profiles              7.41 kB         149 kB
Γö£ Γùï /teacher/teacher-announcements         161 B           159 kB
Γö£ Γùï /teacher/teacher-attendance            154 B           146 kB
Γö£ Γùï /teacher/teacher-messages              154 B           145 kB
Γö£ Γùï /teacher/teacher-profile               166 B           205 kB
Γöö Γùï /teacher/timetable                     2.45 kB         135 kB
+ First Load JS shared by all              79.7 kB
  Γö£ chunks/7864-a013c98c6844cd6a.js        26.6 kB
  Γö£ chunks/fd9d1056-6ed5272a94cf523d.js    50.9 kB
  Γö£ chunks/main-app-33aee0966a032f8f.js    228 B
  Γöö chunks/webpack-55b92424e1c6243a.js     1.91 kB


╬╗  (Server)  server-side renders at runtime (uses getInitialProps or getServerSideProps)
Γùï  (Static)  automatically rendered as static HTML (uses no initial props)

